#-----------------------------------------------------------
# Vivado v2022.2 (64-bit)
# SW Build 3671981 on Fri Oct 14 04:59:54 MDT 2022
# IP Build 3669848 on Fri Oct 14 08:30:02 MDT 2022
# Start of session at: Wed Aug  2 19:07:48 2023
# Process ID: 487785
# Current directory: /home/jaymz
# Command line: vivado
# Log file: /home/jaymz/vivado.log
# Journal file: /home/jaymz/vivado.jou
# Running On: chonkyLaptop, OS: Linux, CPU Frequency: 3300.000 MHz, CPU Physical cores: 12, Host memory: 33494 MB
#-----------------------------------------------------------
start_gui
open_project {/home/jaymz/Documents/RA Stuff/wlMod_remote/redPitayaLock-in/lockInMeasure_interleavedFilters/lockInMeasure_interleavedFilters.xpr}
update_compile_order -fileset sources_1
save_project_as lockInMeasure_quadInterleaved {/home/jaymz/Documents/RA Stuff/wlMod_remote/redPitayaLock-in/lockInMeasure_quadInterleaved} -force
import_files
open_bd_design {/home/jaymz/Documents/RA Stuff/wlMod_remote/redPitayaLock-in/lockInMeasure_quadInterleaved/lockInMeasure_quadInterleaved.srcs/sources_1/bd/system/system.bd}
delete_bd_objs [get_bd_nets demod_1f_i1_demod_out] [get_bd_nets sin_cos_convert_0_cos_out] [get_bd_nets In8_1] [get_bd_cells demod_1f_q]
delete_bd_objs [get_bd_nets demod_2f_q_demod_A] [get_bd_nets reference_oscillator_1] [get_bd_nets In14_1] [get_bd_cells demod_2f_q]
delete_bd_objs [get_bd_nets demod_1f_i/multiplier_3stage_0_product] [get_bd_nets demod_1f_i/multiplier_3stage_1_product] [get_bd_nets demod_1f_i/lpf2_interleaved_373_1_filter1_out] [get_bd_nets demod_1f_i/lpf2_interleaved_373_1_filter2_out] [get_bd_cells demod_1f_i/lpf2_interleaved_373_1]
create_bd_cell -type module -reference lpf2_interleaved4 demod_1f_i/lpf2_interleaved4_0
set_property name reference_oscillator_i [get_bd_pins demod_1f_i/reference_oscillator]
startgroup
copy_bd_objs demod_1f_i  [get_bd_cells {demod_1f_i/multiplier_3stage_1}]
endgroup
startgroup
copy_bd_objs demod_1f_i  [get_bd_cells {demod_1f_i/multiplier_3stage_2}]
endgroup
connect_bd_net [get_bd_pins reference_oscillators/cos_1f] [get_bd_pins demod_1f_i/multiplier_3stage_2/b]
set_property name reference_oscillator_q [get_bd_pins demod_1f_i/b]
connect_bd_net [get_bd_pins demod_1f_i/reference_oscillator_q] [get_bd_pins demod_1f_i/multiplier_3stage_3/b]
connect_bd_net [get_bd_pins demod_1f_i/analog_data_A] [get_bd_pins demod_1f_i/multiplier_3stage_2/clk]
undo
connect_bd_net [get_bd_pins demod_1f_i/aclk] [get_bd_pins demod_1f_i/multiplier_3stage_2/clk]
connect_bd_net [get_bd_pins demod_1f_i/analog_data_A] [get_bd_pins demod_1f_i/multiplier_3stage_2/a]
connect_bd_net [get_bd_pins demod_1f_i/analog_data_B] [get_bd_pins demod_1f_i/multiplier_3stage_3/a]
set_property name demod_1f [get_bd_cells demod_1f_i]
connect_bd_net [get_bd_pins demod_1f/multiplier_3stage_2/product] [get_bd_pins demod_1f/lpf2_interleaved4_0/data1]
connect_bd_net [get_bd_pins demod_1f/multiplier_3stage_0/product] [get_bd_pins demod_1f/lpf2_interleaved4_0/data2]
connect_bd_net [get_bd_pins demod_1f/multiplier_3stage_1/product] [get_bd_pins demod_1f/lpf2_interleaved4_0/data3]
connect_bd_net [get_bd_pins demod_1f/multiplier_3stage_3/product] [get_bd_pins demod_1f/lpf2_interleaved4_0/data4]
connect_bd_net [get_bd_pins demod_1f/aclk] [get_bd_pins demod_1f/lpf2_interleaved4_0/clk]
delete_bd_objs [get_bd_nets demod_1f/xlslice_1_Dout]
delete_bd_objs [get_bd_nets demod_1f/lpf2_interleaved_373_0_filter1_out] [get_bd_nets demod_1f/lpf2_interleaved_373_0_filter2_out] [get_bd_cells demod_1f/lpf2_interleaved_373_0]
startgroup
copy_bd_objs demod_1f  [get_bd_cells {demod_1f/lpf2_interleaved4_0}]
endgroup
connect_bd_net [get_bd_pins demod_1f/lpf2_interleaved4_1/data1] [get_bd_pins demod_1f/lpf2_interleaved4_0/filter1_out]
update_compile_order -fileset sources_1
connect_bd_net [get_bd_pins demod_1f/lpf2_interleaved4_0/filter2_out] [get_bd_pins demod_1f/lpf2_interleaved4_1/data2]
connect_bd_net [get_bd_pins demod_1f/lpf2_interleaved4_0/filter3_out] [get_bd_pins demod_1f/lpf2_interleaved4_1/data3]
connect_bd_net [get_bd_pins demod_1f/lpf2_interleaved4_0/filter4_out] [get_bd_pins demod_1f/lpf2_interleaved4_1/data4]
connect_bd_net [get_bd_pins demod_1f/lpf2_interleaved4_1/clk] [get_bd_pins demod_1f/xlslice_1/Dout]
update_module_reference {system_variable_bitshift_in_0_0 system_variable_bitshift_in_0_1 system_variable_bitshift_in_0_2 system_variable_bitshift_in_0_3}
connect_bd_net [get_bd_pins demod_1f/lpf2_interleaved4_1/filter1_out] [get_bd_pins demod_1f/variable_bitshift_in_0/reg_in_1]
connect_bd_net [get_bd_pins demod_1f/lpf2_interleaved4_1/filter2_out] [get_bd_pins demod_1f/variable_bitshift_in_0/reg_in_2]
connect_bd_net [get_bd_pins demod_1f/lpf2_interleaved4_1/filter3_out] [get_bd_pins demod_1f/variable_bitshift_in_0/reg_in_3]
update_compile_order -fileset sources_1
connect_bd_net [get_bd_pins demod_1f/lpf2_interleaved4_1/filter4_out] [get_bd_pins demod_1f/variable_bitshift_in_0/reg_in_4]
set_property name f1_i [get_bd_cells demod_1f/multiplier_3stage_2]
undo
connect_bd_net [get_bd_pins demod_1f/filter2_clock] [get_bd_pins demod_1f/xlslice_1/Dout]
delete_bd_objs [get_bd_nets demod_1f_i_demod_B]
connect_bd_net [get_bd_pins demod_1f/demod_B] [get_bd_pins stoopid_data/In2] -boundary_type upper
connect_bd_net [get_bd_pins demod_1f/variable_bitshift_in_0/trunc_out_3] [get_bd_pins stoopid_data/In9]
connect_bd_net [get_bd_pins demod_1f/variable_bitshift_in_0/trunc_out_4] [get_bd_pins stoopid_data/In8]
delete_bd_objs [get_bd_nets In12_1]
delete_bd_objs [get_bd_nets demod_2f_i_demod_A]
delete_bd_objs [get_bd_nets demod_2f_i/multiplier_3stage_3_product] [get_bd_nets demod_2f_i/lpf2_interleaved_373_1_filter2_out] [get_bd_nets demod_2f_i/multiplier_3stage_2_product] [get_bd_nets demod_2f_i/lpf2_interleaved_373_1_filter1_out] [get_bd_cells demod_2f_i/lpf2_interleaved_373_1]
startgroup
copy_bd_objs demod_2f_i  [get_bd_cells {demod_1f/lpf2_interleaved4_0}]
endgroup
startgroup
copy_bd_objs demod_2f_i  [get_bd_cells {demod_2f_i/multiplier_3stage_3}]
endgroup
startgroup
copy_bd_objs demod_2f_i  [get_bd_cells {demod_2f_i/multiplier_3stage_4}]
endgroup
set_property name reference_oscillator_i [get_bd_pins demod_2f_i/reference_oscillator]
delete_bd_objs [get_bd_nets demod_2f_i/reference_oscillator_1]
connect_bd_net [get_bd_pins demod_2f_i/reference_oscillator_i] [get_bd_pins demod_2f_i/multiplier_3stage_2/b]
delete_bd_objs [get_bd_nets demod_2f_i/analog_data_2_1]
connect_bd_net [get_bd_pins demod_2f_i/analog_data_1] [get_bd_pins demod_2f_i/multiplier_3stage_3/a]
connect_bd_net [get_bd_pins demod_2f_i/multiplier_3stage_3/b] [get_bd_pins config_bit/ramp_freq]
connect_bd_net [get_bd_pins demod_2f_i/multiplier_3stage_3/b] [get_bd_pins reference_oscillators/cos_2f]
undo
delete_bd_objs [get_bd_nets reference_oscillator_2]
connect_bd_net [get_bd_pins demod_2f_i/reference_oscillator_i] [get_bd_pins reference_oscillators/cos_2f] -boundary_type upper
connect_bd_net [get_bd_pins demod_2f_i/multiplier_3stage_4/b] [get_bd_pins reference_oscillators/sin_2f]
set_property name reference_oscillator_q [get_bd_pins demod_2f_i/b]
connect_bd_net [get_bd_pins demod_2f_i/analog_data_2] [get_bd_pins demod_2f_i/multiplier_3stage_4/a]
connect_bd_net [get_bd_pins demod_2f_i/analog_data_2] [get_bd_pins demod_2f_i/multiplier_3stage_5/clk]
delete_bd_objs [get_bd_nets demod_2f_i/b_1]
connect_bd_net [get_bd_pins demod_2f_i/reference_oscillator_i] [get_bd_pins demod_2f_i/multiplier_3stage_4/b]
connect_bd_net [get_bd_pins demod_2f_i/multiplier_3stage_5/b] [get_bd_pins reference_oscillators/sin_2f]
connect_bd_net [get_bd_pins demod_2f_i/reference_oscillator_q] [get_bd_pins demod_2f_i/multiplier_3stage_3/b]
connect_bd_net [get_bd_pins demod_2f_i/aclk] [get_bd_pins demod_2f_i/multiplier_3stage_4/clk]
delete_bd_objs [get_bd_nets demod_2f_i/analog_data_2_1]
connect_bd_net [get_bd_pins demod_2f_i/multiplier_3stage_4/a] [get_bd_pins adc_channel_2/adc_out]
connect_bd_net [get_bd_pins demod_2f_i/aclk] [get_bd_pins demod_2f_i/multiplier_3stage_5/clk]
connect_bd_net [get_bd_pins demod_2f_i/analog_data_2] [get_bd_pins demod_2f_i/multiplier_3stage_5/a]
connect_bd_net [get_bd_pins demod_2f_i/multiplier_3stage_2/product] [get_bd_pins demod_2f_i/lpf2_interleaved4_0/data1]
connect_bd_net [get_bd_pins demod_2f_i/multiplier_3stage_3/product] [get_bd_pins demod_2f_i/lpf2_interleaved4_0/data2]
connect_bd_net [get_bd_pins demod_2f_i/multiplier_3stage_4/product] [get_bd_pins demod_2f_i/lpf2_interleaved4_0/data3]
connect_bd_net [get_bd_pins demod_2f_i/multiplier_3stage_5/product] [get_bd_pins demod_2f_i/lpf2_interleaved4_0/data4]
connect_bd_net [get_bd_pins demod_2f_i/aclk] [get_bd_pins demod_2f_i/lpf2_interleaved4_0/clk]
delete_bd_objs [get_bd_nets demod_2f_i/filter_clk_1] [get_bd_nets demod_2f_i/lpf2_interleaved_373_0_filter1_out] [get_bd_nets demod_2f_i/lpf2_interleaved_373_0_filter2_out] [get_bd_cells demod_2f_i/lpf2_interleaved_373_0]
startgroup
copy_bd_objs demod_2f_i  [get_bd_cells {demod_2f_i/lpf2_interleaved4_0}]
endgroup
connect_bd_net [get_bd_pins demod_2f_i/filter_clk] [get_bd_pins demod_2f_i/lpf2_interleaved4_1/clk]
update_compile_order -fileset sources_1
connect_bd_net [get_bd_pins demod_2f_i/lpf2_interleaved4_1/data1] [get_bd_pins demod_2f_i/lpf2_interleaved4_0/filter1_out]
connect_bd_net [get_bd_pins demod_2f_i/lpf2_interleaved4_1/data2] [get_bd_pins demod_2f_i/lpf2_interleaved4_0/filter2_out]
connect_bd_net [get_bd_pins demod_2f_i/lpf2_interleaved4_1/data3] [get_bd_pins demod_2f_i/lpf2_interleaved4_0/filter3_out]
startgroup
connect_bd_net [get_bd_pins demod_2f_i/lpf2_interleaved4_0/filter4_out] [get_bd_pins demod_2f_i/lpf2_interleaved4_1/data4]
endgroup
connect_bd_net [get_bd_pins demod_2f_i/lpf2_interleaved4_1/filter1_out] [get_bd_pins demod_2f_i/variable_bitshift_in_0/reg_in_1]
connect_bd_net [get_bd_pins demod_2f_i/lpf2_interleaved4_1/filter2_out] [get_bd_pins demod_2f_i/variable_bitshift_in_0/reg_in_2]
connect_bd_net [get_bd_pins demod_2f_i/lpf2_interleaved4_1/filter3_out] [get_bd_pins demod_2f_i/variable_bitshift_in_0/reg_in_3]
connect_bd_net [get_bd_pins demod_2f_i/lpf2_interleaved4_1/filter4_out] [get_bd_pins demod_2f_i/variable_bitshift_in_0/reg_in_4]
connect_bd_net [get_bd_pins demod_2f_i/demod_A] [get_bd_pins stoopid_data/In4] -boundary_type upper
connect_bd_net [get_bd_pins demod_2f_i/demod_B] [get_bd_pins stoopid_data/In6] -boundary_type upper
connect_bd_net [get_bd_pins demod_2f_i/variable_bitshift_in_0/trunc_out_3] [get_bd_pins stoopid_data/In12]
connect_bd_net [get_bd_pins demod_2f_i/variable_bitshift_in_0/trunc_out_4] [get_bd_pins stoopid_data/In14]
connect_bd_net [get_bd_pins demod_1f/aclk] [get_bd_pins demod_1f/multiplier_3stage_3/clk]
set_property name demod_2f [get_bd_cells demod_2f_i]
regenerate_bd_layout
save_bd_design
reset_run synth_1
launch_runs impl_1 -to_step write_bitstream -jobs 11
wait_on_run impl_1
open_run impl_1
update_module_reference {system_lpf2_interleaved4_0_0 system_lpf2_interleaved4_0_1 system_lpf2_interleaved4_0_2 system_lpf2_interleaved4_0_3}
reset_run synth_1
launch_runs impl_1 -to_step write_bitstream -jobs 11
wait_on_run impl_1
create_ip_run [get_files -of_objects [get_fileset sources_1] {{/home/jaymz/Documents/RA Stuff/wlMod_remote/redPitayaLock-in/lockInMeasure_quadInterleaved/lockInMeasure_quadInterleaved.srcs/sources_1/bd/system/system.bd}}]
refresh_design
update_module_reference {system_lpf2_interleaved4_0_0 system_lpf2_interleaved4_0_1 system_lpf2_interleaved4_0_2 system_lpf2_interleaved4_0_3}
reset_run synth_1
launch_runs impl_1 -to_step write_bitstream -jobs 11
wait_on_run impl_1
create_ip_run [get_files -of_objects [get_fileset sources_1] {{/home/jaymz/Documents/RA Stuff/wlMod_remote/redPitayaLock-in/lockInMeasure_quadInterleaved/lockInMeasure_quadInterleaved.srcs/sources_1/bd/system/system.bd}}]
refresh_design
archive_project {/home/jaymz/Documents/RA Stuff/wlMod_remote/redPitayaLock-in/lockInMeasure_quadInterleaved.xpr.zip} -force -exclude_run_results -include_config_settings
update_module_reference {system_lpf2_interleaved4_0_0 system_lpf2_interleaved4_0_1 system_lpf2_interleaved4_0_2 system_lpf2_interleaved4_0_3}
reset_run synth_1
launch_runs impl_1 -to_step write_bitstream -jobs 11
wait_on_run impl_1
create_ip_run [get_files -of_objects [get_fileset sources_1] {{/home/jaymz/Documents/RA Stuff/wlMod_remote/redPitayaLock-in/lockInMeasure_quadInterleaved/lockInMeasure_quadInterleaved.srcs/sources_1/bd/system/system.bd}}]
refresh_design
update_module_reference {system_lpf2_interleaved4_0_0 system_lpf2_interleaved4_0_1 system_lpf2_interleaved4_0_2 system_lpf2_interleaved4_0_3}
reset_run synth_1
launch_runs impl_1 -to_step write_bitstream -jobs 11
wait_on_run impl_1
create_ip_run [get_files -of_objects [get_fileset sources_1] {{/home/jaymz/Documents/RA Stuff/wlMod_remote/redPitayaLock-in/lockInMeasure_quadInterleaved/lockInMeasure_quadInterleaved.srcs/sources_1/bd/system/system.bd}}]
refresh_design
reset_run synth_1
update_module_reference {system_adc_channel_1_0 system_adc_register_convert_0_1}
connect_bd_net [get_bd_pins adc_channel_2/clk] [get_bd_pins DataAcquisition/adc_clk]
connect_bd_net [get_bd_pins adc_channel_1/clk] [get_bd_pins DataAcquisition/adc_clk]
save_bd_design
launch_runs impl_1 -to_step write_bitstream -jobs 11
wait_on_run impl_1
create_ip_run [get_files -of_objects [get_fileset sources_1] {{/home/jaymz/Documents/RA Stuff/wlMod_remote/redPitayaLock-in/lockInMeasure_quadInterleaved/lockInMeasure_quadInterleaved.srcs/sources_1/bd/system/system.bd}}]
refresh_design
disconnect_bd_net /axis_red_pitaya_adc_0_adc_clk [get_bd_pins adc_channel_1/clk]
disconnect_bd_net /axis_red_pitaya_adc_0_adc_clk [get_bd_pins adc_channel_2/clk]
startgroup
create_bd_cell -type ip -vlnv xilinx.com:ip:c_counter_binary:12.0 c_counter_binary_0
endgroup
set_property CONFIG.Output_Width {2} [get_bd_cells c_counter_binary_0]
connect_bd_net [get_bd_pins c_counter_binary_0/CLK] [get_bd_pins DataAcquisition/adc_clk]
connect_bd_net [get_bd_pins c_counter_binary_0/Q] [get_bd_pins adc_channel_2/clk]
connect_bd_net [get_bd_pins adc_channel_1/clk] [get_bd_pins c_counter_binary_0/Q]
undo
undo
startgroup
create_bd_cell -type ip -vlnv xilinx.com:ip:xlslice:1.0 xlslice_0
endgroup
set_property -dict [list \
  CONFIG.DIN_FROM {1} \
  CONFIG.DIN_TO {1} \
  CONFIG.DIN_WIDTH {2} \
] [get_bd_cells xlslice_0]
connect_bd_net [get_bd_pins xlslice_0/Din] [get_bd_pins c_counter_binary_0/Q]
connect_bd_net [get_bd_pins xlslice_0/Dout] [get_bd_pins adc_channel_2/clk]
connect_bd_net [get_bd_pins adc_channel_1/clk] [get_bd_pins xlslice_0/Dout]
save_bd_design
reset_run synth_1
launch_runs impl_1 -to_step write_bitstream -jobs 11
wait_on_run impl_1
update_module_reference {system_lpf2_interleaved4_0_0 system_lpf2_interleaved4_0_1 system_lpf2_interleaved4_0_2 system_lpf2_interleaved4_0_3}
connect_bd_net [get_bd_pins demod_1f/lpf2_interleaved4_0/select] [get_bd_pins c_counter_binary_0/Q]
set_property name filter_select [get_bd_pins demod_1f/select1]
connect_bd_net [get_bd_pins demod_1f/filter_select] [get_bd_pins demod_1f/lpf2_interleaved4_1/select]
connect_bd_net [get_bd_pins demod_2f/lpf2_interleaved4_0/select] [get_bd_pins c_counter_binary_0/Q]
connect_bd_net [get_bd_pins demod_2f/select1] [get_bd_pins demod_2f/lpf2_interleaved4_1/select]
save_bd_design
reset_run synth_1
launch_runs impl_1 -to_step write_bitstream -jobs 11
wait_on_run impl_1
startgroup
endgroup
create_ip_run [get_files -of_objects [get_fileset sources_1] {{/home/jaymz/Documents/RA Stuff/wlMod_remote/redPitayaLock-in/lockInMeasure_quadInterleaved/lockInMeasure_quadInterleaved.srcs/sources_1/bd/system/system.bd}}]
refresh_design
startgroup
create_bd_cell -type ip -vlnv xilinx.com:ip:util_vector_logic:2.0 util_vector_logic_0
endgroup
set_property CONFIG.C_SIZE {2} [get_bd_cells util_vector_logic_0]
connect_bd_net [get_bd_pins util_vector_logic_0/Op1] [get_bd_pins c_counter_binary_0/Q]
delete_bd_objs [get_bd_cells xlslice_0]
startgroup
create_bd_cell -type ip -vlnv xilinx.com:ip:util_reduced_logic:2.0 util_reduced_logic_0
endgroup
set_property CONFIG.C_SIZE {2} [get_bd_cells util_reduced_logic_0]
connect_bd_net [get_bd_pins util_reduced_logic_0/Op1] [get_bd_pins util_vector_logic_0/Res]
connect_bd_net [get_bd_pins util_reduced_logic_0/Res] [get_bd_pins adc_channel_2/clk]
save_bd_design
reset_run synth_1
launch_runs impl_1 -to_step write_bitstream -jobs 11
startgroup
create_bd_cell -type ip -vlnv xilinx.com:ip:xlconstant:1.1 xlconstant_0
endgroup
startgroup
connect_bd_net [get_bd_pins xlconstant_0/dout] [get_bd_pins util_vector_logic_0/Op2]
endgroup
startgroup
set_property -dict [list \
  CONFIG.CONST_VAL {0} \
  CONFIG.CONST_WIDTH {2} \
] [get_bd_cells xlconstant_0]
endgroup
save_bd_design
launch_runs impl_1 -to_step write_bitstream -jobs 11
wait_on_run impl_1
delete_bd_objs [get_bd_nets xlconstant_0_dout] [get_bd_cells xlconstant_0]
delete_bd_objs [get_bd_nets util_vector_logic_0_Res] [get_bd_cells util_vector_logic_0]
delete_bd_objs [get_bd_cells util_reduced_logic_0]
startgroup
create_bd_cell -type ip -vlnv xilinx.com:ip:xlslice:1.0 xlslice_0
endgroup
set_property -dict [list \
  CONFIG.DIN_FROM {1} \
  CONFIG.DIN_TO {1} \
  CONFIG.DIN_WIDTH {2} \
] [get_bd_cells xlslice_0]
connect_bd_net [get_bd_pins xlslice_0/Dout] [get_bd_pins adc_channel_2/clk]
connect_bd_net [get_bd_pins xlslice_0/Din] [get_bd_pins c_counter_binary_0/Q]
update_module_reference system_lpf2_interleaved4_0_0
update_module_reference system_lpf2_interleaved4_0_0
update_module_reference {system_lpf2_interleaved4_0_1 system_lpf2_interleaved4_0_2 system_lpf2_interleaved4_0_3 system_lpf2_interleaved4_0_0}
delete_bd_objs [get_bd_nets demod_1f/select1_1] [get_bd_pins demod_1f/filter_select]
delete_bd_objs [get_bd_nets demod_2f/select1_1] [get_bd_pins demod_2f/select1]
save_bd_design
group_bd_cells clk_div4 [get_bd_cells c_counter_binary_0] [get_bd_cells xlslice_0]
startgroup
endgroup
regenerate_bd_layout
update_module_reference {system_lpf2_interleaved4_0_0 system_lpf2_interleaved4_0_1 system_lpf2_interleaved4_0_2 system_lpf2_interleaved4_0_3}
reset_run synth_1
launch_runs impl_1 -to_step write_bitstream -jobs 11
wait_on_run impl_1
create_ip_run [get_files -of_objects [get_fileset sources_1] {{/home/jaymz/Documents/RA Stuff/wlMod_remote/redPitayaLock-in/lockInMeasure_quadInterleaved/lockInMeasure_quadInterleaved.srcs/sources_1/bd/system/system.bd}}]
refresh_design
reset_run synth_1
launch_runs impl_1 -to_step write_bitstream -jobs 11
wait_on_run impl_1
update_module_reference {system_lpf2_interleaved4_0_0 system_lpf2_interleaved4_0_1 system_lpf2_interleaved4_0_2 system_lpf2_interleaved4_0_3}
generate_target all [get_files {{/home/jaymz/Documents/RA Stuff/wlMod_remote/redPitayaLock-in/lockInMeasure_quadInterleaved/lockInMeasure_quadInterleaved.srcs/sources_1/bd/system/system.bd}}]
create_ip_run [get_files -of_objects [get_fileset sources_1] {{/home/jaymz/Documents/RA Stuff/wlMod_remote/redPitayaLock-in/lockInMeasure_quadInterleaved/lockInMeasure_quadInterleaved.srcs/sources_1/bd/system/system.bd}}]
launch_runs system_lpf2_interleaved4_0_0_synth_1
wait_on_run system_lpf2_interleaved4_0_0_synth_1
launch_runs system_lpf2_interleaved4_0_1_synth_1
wait_on_run system_lpf2_interleaved4_0_1_synth_1
launch_runs system_lpf2_interleaved4_0_2_synth_1
wait_on_run system_lpf2_interleaved4_0_2_synth_1
launch_runs system_lpf2_interleaved4_0_3_synth_1
wait_on_run system_lpf2_interleaved4_0_3_synth_1
launch_runs system_auto_pc_0_synth_1
wait_on_run system_auto_pc_0_synth_1
refresh_design
reset_run synth_1
launch_runs impl_1 -to_step write_bitstream -jobs 11
wait_on_run impl_1
create_ip_run [get_files -of_objects [get_fileset sources_1] {{/home/jaymz/Documents/RA Stuff/wlMod_remote/redPitayaLock-in/lockInMeasure_quadInterleaved/lockInMeasure_quadInterleaved.srcs/sources_1/bd/system/system.bd}}]
refresh_design
update_module_reference {system_lpf2_interleaved4_0_0 system_lpf2_interleaved4_0_1 system_lpf2_interleaved4_0_2 system_lpf2_interleaved4_0_3}
reset_run synth_1
launch_runs impl_1 -to_step write_bitstream -jobs 11
wait_on_run impl_1
create_ip_run [get_files -of_objects [get_fileset sources_1] {{/home/jaymz/Documents/RA Stuff/wlMod_remote/redPitayaLock-in/lockInMeasure_quadInterleaved/lockInMeasure_quadInterleaved.srcs/sources_1/bd/system/system.bd}}]
refresh_design
update_module_reference {system_lpf2_interleaved4_0_0 system_lpf2_interleaved4_0_1 system_lpf2_interleaved4_0_2 system_lpf2_interleaved4_0_3}
reset_run synth_1
launch_runs impl_1 -to_step write_bitstream -jobs 11
wait_on_run impl_1
update_module_reference {system_lpf2_interleaved4_0_0 system_lpf2_interleaved4_0_1 system_lpf2_interleaved4_0_2 system_lpf2_interleaved4_0_3}
reset_run synth_1
launch_runs impl_1 -to_step write_bitstream -jobs 11
wait_on_run impl_1
create_ip_run [get_files -of_objects [get_fileset sources_1] {{/home/jaymz/Documents/RA Stuff/wlMod_remote/redPitayaLock-in/lockInMeasure_quadInterleaved/lockInMeasure_quadInterleaved.srcs/sources_1/bd/system/system.bd}}]
refresh_design
update_module_reference {system_lpf2_interleaved4_0_0 system_lpf2_interleaved4_0_1 system_lpf2_interleaved4_0_2 system_lpf2_interleaved4_0_3}
reset_run synth_1
launch_runs impl_1 -to_step write_bitstream -jobs 11
wait_on_run impl_1
create_ip_run [get_files -of_objects [get_fileset sources_1] {{/home/jaymz/Documents/RA Stuff/wlMod_remote/redPitayaLock-in/lockInMeasure_quadInterleaved/lockInMeasure_quadInterleaved.srcs/sources_1/bd/system/system.bd}}]
refresh_design
update_module_reference {system_lpf2_interleaved4_0_0 system_lpf2_interleaved4_0_1 system_lpf2_interleaved4_0_2 system_lpf2_interleaved4_0_3}
reset_run synth_1
launch_runs impl_1 -to_step write_bitstream -jobs 11
wait_on_run impl_1
delete_bd_objs [get_bd_nets xlslice_0_Dout]
connect_bd_net [get_bd_pins adc_channel_2/clk] [get_bd_pins DataAcquisition/adc_clk]
connect_bd_net [get_bd_pins adc_channel_1/clk] [get_bd_pins DataAcquisition/adc_clk]
delete_bd_objs [get_bd_cells clk_div4]
save_bd_design
reset_run synth_1
launch_runs impl_1 -to_step write_bitstream -jobs 11
wait_on_run impl_1
regenerate_bd_layout
create_ip_run [get_files -of_objects [get_fileset sources_1] {{/home/jaymz/Documents/RA Stuff/wlMod_remote/redPitayaLock-in/lockInMeasure_quadInterleaved/lockInMeasure_quadInterleaved.srcs/sources_1/bd/system/system.bd}}]
refresh_design
update_module_reference {system_lpf2_interleaved4_0_0 system_lpf2_interleaved4_0_1 system_lpf2_interleaved4_0_2 system_lpf2_interleaved4_0_3}
reset_run synth_1
launch_runs impl_1 -to_step write_bitstream -jobs 11
wait_on_run impl_1
close_project
open_project {/home/jaymz/Documents/RA Stuff/wlMod_remote/redPitayaLock-in/lockInMeasure_working/lockInMeasure_working.xpr}
open_bd_design {/home/jaymz/Documents/RA Stuff/wlMod_remote/redPitayaLock-in/lockInMeasure_working/lockInMeasure_working.srcs/sources_1/bd/system/system.bd}
update_compile_order -fileset sources_1
archive_project {/home/jaymz/Documents/RA Stuff/wlMod_remote/redPitayaLock-in/lockInMeasure_working.xpr.zip} -force -exclude_run_results -include_config_settings
close_project
open_project {/home/jaymz/Documents/RA Stuff/wlMod_remote/redPitayaLock-in/lockInMeasure_quadInterleaved/lockInMeasure_quadInterleaved.xpr}
open_bd_design {/home/jaymz/Documents/RA Stuff/wlMod_remote/redPitayaLock-in/lockInMeasure_quadInterleaved/lockInMeasure_quadInterleaved.srcs/sources_1/bd/system/system.bd}
open_run impl_1
update_compile_order -fileset sources_1
open_bd_design {/home/jaymz/Documents/RA Stuff/wlMod_remote/redPitayaLock-in/lockInMeasure_quadInterleaved/lockInMeasure_quadInterleaved.srcs/sources_1/bd/system/system.bd}
update_module_reference {system_lpf2_interleaved4_0_0 system_lpf2_interleaved4_0_1 system_lpf2_interleaved4_0_2 system_lpf2_interleaved4_0_3}
reset_run synth_1
launch_runs impl_1 -to_step write_bitstream -jobs 11
wait_on_run impl_1
create_ip_run [get_files -of_objects [get_fileset sources_1] {{/home/jaymz/Documents/RA Stuff/wlMod_remote/redPitayaLock-in/lockInMeasure_quadInterleaved/lockInMeasure_quadInterleaved.srcs/sources_1/bd/system/system.bd}}]
refresh_design
update_module_reference {system_lpf2_interleaved4_0_0 system_lpf2_interleaved4_0_1 system_lpf2_interleaved4_0_2 system_lpf2_interleaved4_0_3}
reset_run synth_1
launch_runs impl_1 -to_step write_bitstream -jobs 11
wait_on_run impl_1
regenerate_bd_layout
create_ip_run [get_files -of_objects [get_fileset sources_1] {{/home/jaymz/Documents/RA Stuff/wlMod_remote/redPitayaLock-in/lockInMeasure_quadInterleaved/lockInMeasure_quadInterleaved.srcs/sources_1/bd/system/system.bd}}]
refresh_design
startgroup
set_property -dict [list \
  CONFIG.DIN_FROM {2} \
  CONFIG.DIN_TO {2} \
] [get_bd_cells demod_1f/xlslice_1]
endgroup
startgroup
set_property -dict [list \
  CONFIG.DIN_FROM {4} \
  CONFIG.DIN_TO {4} \
] [get_bd_cells demod_1f/xlslice_1]
endgroup
save_bd_design
regenerate_bd_layout
delete_bd_objs [get_bd_nets In0_1]
delete_bd_objs [get_bd_nets demod_1f_demod_B]
delete_bd_objs [get_bd_nets In9_1]
delete_bd_objs [get_bd_nets In8_1]
delete_bd_objs [get_bd_nets adc_channel_2_adc_out]
delete_bd_objs [get_bd_nets demod_1f/analog_data_B_1]
connect_bd_net [get_bd_pins demod_1f/analog_data_A] [get_bd_pins demod_1f/multiplier_3stage_3/a]
connect_bd_net [get_bd_pins demod_1f/analog_data_A] [get_bd_pins demod_1f/multiplier_3stage_1/a]
delete_bd_objs [get_bd_nets demod_1f/b_1]
delete_bd_objs [get_bd_nets demod_1f/reference_oscillator_1]
set_property name reference_oscillator_1f_i [get_bd_pins demod_1f/reference_oscillator_i]
set_property name reference_oscillator_1f_q [get_bd_pins demod_1f/reference_oscillator_q]
startgroup
connect_bd_net [get_bd_pins demod_1f/reference_oscillator_1f_i] [get_bd_pins demod_1f/multiplier_3stage_2/b]
endgroup
connect_bd_net [get_bd_pins demod_1f/reference_oscillator_1f_q] [get_bd_pins demod_1f/multiplier_3stage_3/b]
undo
connect_bd_net [get_bd_pins demod_1f/reference_oscillator_1f_q] [get_bd_pins demod_1f/multiplier_3stage_0/b]
delete_bd_objs [get_bd_pins demod_1f/analog_data_B]
connect_bd_net [get_bd_pins demod_1f/multiplier_3stage_1/b] [get_bd_pins reference_oscillators/sin_2f]
set_property name reference_oscillator_2f_i [get_bd_pins demod_1f/b]
startgroup
connect_bd_net [get_bd_pins demod_1f/multiplier_3stage_3/b] [get_bd_pins reference_oscillators/cos_2f]
endgroup
set_property name reference_oscillator_2f_q [get_bd_pins demod_1f/b]
delete_bd_objs [get_bd_nets demod_2f_i_demod_A]
delete_bd_objs [get_bd_nets demod_2f_i_demod_B]
delete_bd_objs [get_bd_nets In14_1]
delete_bd_objs [get_bd_nets In12_1]
connect_bd_net [get_bd_pins demod_1f/demod_A] [get_bd_pins stoopid_data/In0] -boundary_type upper
connect_bd_net [get_bd_pins demod_1f/demod_B] [get_bd_pins stoopid_data/In2] -boundary_type upper
connect_bd_net [get_bd_pins demod_1f/trunc_out_3] [get_bd_pins stoopid_data/In4] -boundary_type upper
connect_bd_net [get_bd_pins demod_1f/trunc_out_4] [get_bd_pins stoopid_data/In6] -boundary_type upper
disconnect_bd_net /reference_oscillator_i_1 [get_bd_pins demod_2f/reference_oscillator_i]
disconnect_bd_net /reference_oscillators_sin_2f [get_bd_pins demod_2f/reference_oscillator_q]
disconnect_bd_net /adc_register_convert_0_adc_out [get_bd_pins demod_2f/analog_data_1]
delete_bd_objs [get_bd_nets demod_2f/analog_data_1_1]
delete_bd_objs [get_bd_nets demod_2f/reference_oscillator_i_1]
delete_bd_objs [get_bd_nets demod_2f/reference_oscillator_q_1]
connect_bd_net [get_bd_pins demod_2f/analog_data_2] [get_bd_pins demod_2f/multiplier_3stage_2/a]
connect_bd_net [get_bd_pins demod_2f/analog_data_2] [get_bd_pins demod_2f/multiplier_3stage_3/a]
set_property name reference_oscillator_1f_i [get_bd_pins demod_2f/reference_oscillator_i]
set_property name reference_oscillator_1f_q [get_bd_pins demod_2f/reference_oscillator_q]
connect_bd_net [get_bd_pins demod_2f/reference_oscillator_1f_i] [get_bd_pins demod_2f/multiplier_3stage_2/b]
connect_bd_net [get_bd_pins demod_2f/reference_oscillator_1f_q] [get_bd_pins demod_2f/multiplier_3stage_5/b]
undo
connect_bd_net [get_bd_pins demod_2f/reference_oscillator_1f_q] [get_bd_pins demod_2f/multiplier_3stage_3/b]
connect_bd_net [get_bd_pins demod_2f/reference_oscillator_1f_q] [get_bd_pins reference_oscillators/cos_1f] -boundary_type upper
connect_bd_net [get_bd_pins demod_2f/reference_oscillator_1f_i] [get_bd_pins reference_oscillators/sin_1f] -boundary_type upper
connect_bd_net [get_bd_pins demod_2f/multiplier_3stage_4/b] [get_bd_pins reference_oscillators/sin_2f]
set_property name reference_oscillator_2f_i [get_bd_pins demod_2f/b]
connect_bd_net [get_bd_pins demod_2f/multiplier_3stage_5/b] [get_bd_pins reference_oscillators/cos_2f]
connect_bd_net [get_bd_pins demod_2f/demod_A] [get_bd_pins stoopid_data/In9] -boundary_type upper
connect_bd_net [get_bd_pins demod_2f/demod_B] [get_bd_pins stoopid_data/In8] -boundary_type upper
connect_bd_net [get_bd_pins demod_2f/trunc_out_3] [get_bd_pins stoopid_data/In12] -boundary_type upper
connect_bd_net [get_bd_pins demod_2f/trunc_out_4] [get_bd_pins stoopid_data/In14] -boundary_type upper
regenerate_bd_layout
regenerate_bd_layout
delete_bd_objs [get_bd_pins demod_2f/analog_data_1]
connect_bd_net [get_bd_pins demod_2f/analog_data_2] [get_bd_pins adc_channel_2/adc_out]
regenerate_bd_layout
startgroup
create_bd_cell -type ip -vlnv xilinx.com:ip:c_shift_ram:12.0 c_shift_ram_0
endgroup
set_property -dict [list CONFIG.Width.VALUE_SRC USER] [get_bd_cells c_shift_ram_0]
set_property -dict [list \
  CONFIG.Depth {1} \
  CONFIG.Width {128} \
] [get_bd_cells c_shift_ram_0]
move_bd_cells [get_bd_cells stoopid_data] [get_bd_cells c_shift_ram_0]
delete_bd_objs [get_bd_nets stoopid_data/xlconcat_2_dout]
connect_bd_net [get_bd_pins stoopid_data/c_shift_ram_0/CLK] [get_bd_pins stoopid_data/xlconcat_2/dout]
undo
connect_bd_net [get_bd_pins stoopid_data/c_shift_ram_0/CLK] [get_bd_pins stoopid_data/xlconcat_2/dout]
undo
connect_bd_net [get_bd_pins stoopid_data/c_shift_ram_0/D] [get_bd_pins stoopid_data/xlconcat_2/dout]
connect_bd_net [get_bd_pins stoopid_data/c_shift_ram_0/CLK] [get_bd_pins ramp_generator_0/done]
connect_bd_net [get_bd_pins stoopid_data/dout] [get_bd_pins stoopid_data/c_shift_ram_0/Q]
regenerate_bd_layout
save_bd_design
regenerate_bd_layout
reset_run synth_1
launch_runs impl_1 -to_step write_bitstream -jobs 11
wait_on_run impl_1
regenerate_bd_layout
regenerate_bd_layout
create_ip_run [get_files -of_objects [get_fileset sources_1] {{/home/jaymz/Documents/RA Stuff/wlMod_remote/redPitayaLock-in/lockInMeasure_quadInterleaved/lockInMeasure_quadInterleaved.srcs/sources_1/bd/system/system.bd}}]
refresh_design
delete_bd_objs [get_bd_nets stoopid_data/c_shift_ram_0_Q] [get_bd_nets stoopid_data/xlconcat_2_dout] [get_bd_nets stoopid_data/CLK_1] [get_bd_cells stoopid_data/c_shift_ram_0]
connect_bd_net [get_bd_pins stoopid_data/dout] [get_bd_pins stoopid_data/xlconcat_2/dout]
disconnect_bd_net /ramp_generator_0_done [get_bd_pins stoopid_data/CLK]
delete_bd_objs [get_bd_pins stoopid_data/CLK]
save_bd_design
reset_run synth_1
launch_runs impl_1 -to_step write_bitstream -jobs 11
wait_on_run impl_1
create_ip_run [get_files -of_objects [get_fileset sources_1] {{/home/jaymz/Documents/RA Stuff/wlMod_remote/redPitayaLock-in/lockInMeasure_quadInterleaved/lockInMeasure_quadInterleaved.srcs/sources_1/bd/system/system.bd}}]
refresh_design
delete_bd_objs [get_bd_nets demod_1f/xlslice_0_Dout] [get_bd_cells demod_1f/xlslice_0]
startgroup
copy_bd_objs demod_1f  [get_bd_cells {demod_1f/c_counter_binary_2}]
endgroup
set_property CONFIG.Output_Width {1} [get_bd_cells demod_1f/c_counter_binary_3]
connect_bd_net [get_bd_pins demod_1f/c_counter_binary_3/CLK] [get_bd_pins demod_1f/xlslice_1/Dout]
connect_bd_net [get_bd_pins demod_1f/c_counter_binary_3/Q] [get_bd_pins demod_1f/c_counter_binary_2/CLK]
save_bd_design
reset_run synth_1
launch_runs impl_1 -to_step write_bitstream -jobs 11
wait_on_run impl_1
open_run synth_1 -name synth_1
report_timing_summary -delay_type min_max -report_unconstrained -check_timing_verbose -max_paths 10 -input_pins -routable_nets -name timing_1
report_clock_networks -name {network_1}
current_design impl_1
create_ip_run [get_files -of_objects [get_fileset sources_1] {{/home/jaymz/Documents/RA Stuff/wlMod_remote/redPitayaLock-in/lockInMeasure_quadInterleaved/lockInMeasure_quadInterleaved.srcs/sources_1/bd/system/system.bd}}]
refresh_design
current_design synth_1
report_clock_networks -name {network_2}
write_schematic -format pdf -orientation portrait /home/jaymz/Pictures/vivado/schematic.pdf
undo
close_project
open_project {/home/jaymz/Documents/RA Stuff/wlMod_remote/redPitayaLock-in/lockInMeasure_quadInterleaved_working/lockInMeasure_quadInterleaved/lockInMeasure_quadInterleaved.xpr}
open_bd_design {/home/jaymz/Documents/RA Stuff/wlMod_remote/redPitayaLock-in/lockInMeasure_quadInterleaved_working/lockInMeasure_quadInterleaved/lockInMeasure_quadInterleaved.srcs/sources_1/bd/system/system.bd}
update_compile_order -fileset sources_1
update_module_reference {system_lpf2_interleaved4_0_0 system_lpf2_interleaved4_0_1 system_lpf2_interleaved4_0_2 system_lpf2_interleaved4_0_3}
launch_runs impl_1 -to_step write_bitstream -jobs 11
wait_on_run impl_1
open_run impl_1
delete_bd_objs [get_bd_nets demod_1f/xlslice_0_Dout] [get_bd_cells demod_1f/xlslice_0]
startgroup
create_bd_cell -type ip -vlnv xilinx.com:ip:c_counter_binary:12.0 c_counter_binary_0
endgroup
move_bd_cells [get_bd_cells demod_1f] [get_bd_cells c_counter_binary_0]
connect_bd_net [get_bd_pins demod_1f/c_counter_binary_0/CLK] [get_bd_pins demod_1f/c_counter_binary_1/Q]
startgroup
set_property CONFIG.Output_Width {1} [get_bd_cells demod_1f/c_counter_binary_0]
endgroup
connect_bd_net [get_bd_pins demod_1f/c_counter_binary_0/Q] [get_bd_pins demod_1f/c_counter_binary_2/CLK]
save_bd_design
reset_run synth_1
launch_runs impl_1 -to_step write_bitstream -jobs 11
wait_on_run impl_1
create_ip_run [get_files -of_objects [get_fileset sources_1] {{/home/jaymz/Documents/RA Stuff/wlMod_remote/redPitayaLock-in/lockInMeasure_quadInterleaved_working/lockInMeasure_quadInterleaved/lockInMeasure_quadInterleaved.srcs/sources_1/bd/system/system.bd}}]
refresh_design
disconnect_bd_net /demod_1f/c_counter_binary_1_Q [get_bd_pins demod_1f/c_counter_binary_0/CLK]
connect_bd_net [get_bd_pins demod_1f/c_counter_binary_0/CLK] [get_bd_pins demod_1f/xlslice_1/Dout]
save_bd_design
reset_run synth_1
launch_runs impl_1 -to_step write_bitstream -jobs 11
wait_on_run impl_1
create_bd_cell -type module -reference decimate demod_1f/decimate_0
move_bd_cells [get_bd_cells /] [get_bd_cells demod_1f/decimate_0]
move_bd_cells [get_bd_cells demod_1f] [get_bd_cells decimate_0]
delete_bd_objs [get_bd_nets demod_1f/c_counter_binary_1_Q] [get_bd_cells demod_1f/xlslice_1] [get_bd_cells demod_1f/c_counter_binary_1]
undo
undo
redo
redo
set_property location {2.5 2842 732} [get_bd_cells demod_1f/decimate_0]
delete_bd_objs [get_bd_cells demod_1f/decimate_0]
close [ open {/home/jaymz/Documents/RA Stuff/wlMod_remote/redPitayaLock-in/lockInMeasure_quadInterleaved_working/lockInMeasure_quadInterleaved/lockInMeasure_quadInterleaved.srcs/sources_1/new/clk_div.v} w ]
add_files {{/home/jaymz/Documents/RA Stuff/wlMod_remote/redPitayaLock-in/lockInMeasure_quadInterleaved_working/lockInMeasure_quadInterleaved/lockInMeasure_quadInterleaved.srcs/sources_1/new/clk_div.v}}
update_compile_order -fileset sources_1
create_bd_cell -type module -reference clk_div demod_1f/clk_div_0
connect_bd_net [get_bd_pins demod_1f/aclk] [get_bd_pins demod_1f/clk_div_0/clk]
connect_bd_net [get_bd_pins demod_1f/filter2_clock] [get_bd_pins demod_1f/clk_div_0/clk_out]
update_module_reference system_clk_div_0_0
reset_run synth_1
launch_runs impl_1 -to_step write_bitstream -jobs 11
wait_on_run impl_1
startgroup
set_property CONFIG.DECIMATION {17} [get_bd_cells demod_1f/clk_div_0]
endgroup
save_bd_design
reset_run synth_1
reset_run system_clk_div_0_0_synth_1
launch_runs impl_1 -to_step write_bitstream -jobs 11
wait_on_run impl_1
startgroup
set_property CONFIG.DECIMATION {15} [get_bd_cells demod_1f/clk_div_0]
endgroup
save_bd_design
reset_run synth_1
reset_run system_clk_div_0_0_synth_1
launch_runs impl_1 -to_step write_bitstream -jobs 11
wait_on_run impl_1
startgroup
set_property CONFIG.DECIMATION {17} [get_bd_cells demod_1f/clk_div_0]
endgroup
disconnect_bd_net /demod_1f/aclk_1 [get_bd_pins demod_1f/variable_bitshift_in_0/clk]
disconnect_bd_net /demod_1f/aclk_1 [get_bd_pins demod_1f/slicer_variable_0/clk]
connect_bd_net [get_bd_pins demod_1f/slicer_variable_0/clk] [get_bd_pins demod_1f/clk_div_0/clk_out]
connect_bd_net [get_bd_pins demod_1f/variable_bitshift_in_0/clk] [get_bd_pins demod_1f/clk_div_0/clk_out]
save_bd_design
reset_run synth_1
reset_run system_clk_div_0_0_synth_1
launch_runs impl_1 -to_step write_bitstream -jobs 11
wait_on_run impl_1
synth_design -rtl -rtl_skip_mlo -srcset system_lpf2_interleaved4_0_0 -name rtl_1
update_module_reference system_ramp_generator_0_0
reset_run synth_1
launch_runs impl_1 -to_step write_bitstream -jobs 11
wait_on_run impl_1
update_module_reference system_ramp_generator_0_0
reset_run synth_1
launch_runs impl_1 -to_step write_bitstream -jobs 11
wait_on_run impl_1
disconnect_bd_net /demod_2f/aclk_1 [get_bd_pins demod_2f/variable_bitshift_in_0/clk]
connect_bd_net [get_bd_pins demod_2f/filter_clk] [get_bd_pins demod_2f/variable_bitshift_in_0/clk]
save_bd_design
reset_run synth_1
launch_runs impl_1 -to_step write_bitstream -jobs 11
wait_on_run impl_1
regenerate_bd_layout
regenerate_bd_layout
regenerate_bd_layout
create_ip_run [get_files -of_objects [get_fileset sources_1] {{/home/jaymz/Documents/RA Stuff/wlMod_remote/redPitayaLock-in/lockInMeasure_quadInterleaved_working/lockInMeasure_quadInterleaved/lockInMeasure_quadInterleaved.srcs/sources_1/bd/system/system.bd}}]
refresh_design
delete_bd_objs [get_bd_nets GPIO_2_Dout1]
connect_bd_net [get_bd_ports led_o] [get_bd_pins GPIO_2/led_o]
save_bd_design
regenerate_bd_layout
reset_run synth_1
launch_runs impl_1 -to_step write_bitstream -jobs 11
wait_on_run impl_1
create_ip_run [get_files -of_objects [get_fileset sources_1] {{/home/jaymz/Documents/RA Stuff/wlMod_remote/redPitayaLock-in/lockInMeasure_quadInterleaved_working/lockInMeasure_quadInterleaved/lockInMeasure_quadInterleaved.srcs/sources_1/bd/system/system.bd}}]
refresh_design
update_module_reference system_ramp_generator_0_0
reset_run synth_1
launch_runs impl_1 -to_step write_bitstream -jobs 11
wait_on_run impl_1
set_property name mod_depth [get_bd_pins GPIO_3/filter_B]
set_property name mod_depth [get_bd_cells GPIO_3/filter_B]
startgroup
create_bd_cell -type ip -vlnv xilinx.com:ip:mult_gen:12.0 mult_gen_0
endgroup
set_property -dict [list CONFIG.PortBType.VALUE_SRC USER CONFIG.PortBWidth.VALUE_SRC USER CONFIG.PortAType.VALUE_SRC USER CONFIG.PortAWidth.VALUE_SRC USER] [get_bd_cells mult_gen_0]
set_property -dict [list \
  CONFIG.OutputWidthLow {8} \
  CONFIG.PipeStages {2} \
  CONFIG.PortAWidth {14} \
  CONFIG.PortBType {Unsigned} \
  CONFIG.PortBWidth {8} \
  CONFIG.Use_Custom_Output_Width {true} \
] [get_bd_cells mult_gen_0]
connect_bd_net [get_bd_pins mult_gen_0/A] [get_bd_pins reference_oscillators/sin_1f]
disconnect_bd_net /sin_cos_convert_0_sin_out [get_bd_pins xlconcat_1/In2]
startgroup
set_property CONFIG.OutputWidthHigh {21} [get_bd_cells mult_gen_0]
endgroup
connect_bd_net [get_bd_pins mult_gen_0/CLK] [get_bd_pins DataAcquisition/adc_clk]
connect_bd_net [get_bd_pins mult_gen_0/B] [get_bd_pins GPIO_3/mod_depth]
connect_bd_net [get_bd_pins mult_gen_0/P] [get_bd_pins xlconcat_1/In2]
set_property name sine_amplitude [get_bd_cells mult_gen_0]
startgroup
endgroup
save_bd_design
reset_run synth_1
launch_runs impl_1 -to_step write_bitstream -jobs 11
wait_on_run impl_1
startgroup
set_property CONFIG.Use_Custom_Output_Width {false} [get_bd_cells sine_amplitude]
endgroup
startgroup
create_bd_cell -type ip -vlnv xilinx.com:ip:xlslice:1.0 xlslice_0
endgroup
set_property -dict [list \
  CONFIG.DIN_FROM {21} \
  CONFIG.DIN_TO {8} \
  CONFIG.DIN_WIDTH {22} \
] [get_bd_cells xlslice_0]
connect_bd_net [get_bd_pins xlslice_0/Din] [get_bd_pins sine_amplitude/P]
disconnect_bd_net /mult_gen_0_P [get_bd_pins xlconcat_1/In2]
startgroup
connect_bd_net [get_bd_pins xlslice_0/Dout] [get_bd_pins xlconcat_1/In2]
endgroup
save_bd_design
reset_run synth_1
reset_run system_mult_gen_0_1_synth_1
launch_runs impl_1 -to_step write_bitstream -jobs 11
wait_on_run impl_1
delete_bd_objs [get_bd_nets xlslice_0_Dout]
connect_bd_net [get_bd_pins xlconcat_1/In2] [get_bd_pins reference_oscillators/sin_1f]
delete_bd_objs [get_bd_nets mult_gen_0_P] [get_bd_nets GPIO_3_mod_depth] [get_bd_cells sine_amplitude]
delete_bd_objs [get_bd_cells xlslice_0]
save_bd_design
reset_run synth_1
launch_runs impl_1 -to_step write_bitstream -jobs 11
wait_on_run impl_1
archive_project {/home/jaymz/Documents/RA Stuff/wlMod_remote/redPitayaLock-in/git_repo/wms_bitstream.xpr.zip} -force -exclude_run_results -include_config_settings
